// Vitest Snapshot v1, https://vitest.dev/guide/snapshot.html

exports[`Nav > should render correctly 1`] = `[Function]`;
